components/dashboard/NoticePopup.tsx(55,60): error TS2554: Expected 2 arguments, but got 1.
components/dashboard/NoticePopup.tsx(55,79): error TS2554: Expected 2 arguments, but got 1.
components/modals/ManualModal.tsx(14,30): error TS2307: Cannot find module '../../utils/eventHelpers' or its corresponding type declarations.
services/i18n/index.ts(16,6): error TS2769: No overload matches this call.
  Overload 1 of 2, '(callback?: Callback): Promise<TFunction<"translation", undefined>>', gave the following error.
    Object literal may only specify known properties, and 'resources' does not exist in type 'Callback'.
  Overload 2 of 2, '(options: InitOptions<unknown>, callback?: Callback): Promise<TFunction<"translation", undefined>>', gave the following error.
    Type '"v3"' is not assignable to type '"v4"'.
