app/_layout.tsx(49,21): error TS2769: No overload matches this call.
  Overload 1 of 2, '(props: ImageBackgroundProps): ImageBackground', gave the following error.
    Type 'ViewStyle | TextStyle | ImageStyle' is not assignable to type 'StyleProp<ImageStyle>'.
      Type 'ViewStyle' is not assignable to type 'StyleProp<ImageStyle>'.
        Type 'ViewStyle' is not assignable to type 'ImageStyle'.
          Types of property 'overflow' are incompatible.
            Type '"visible" | "hidden" | "scroll"' is not assignable to type '"visible" | "hidden"'.
              Type '"scroll"' is not assignable to type '"visible" | "hidden"'.
  Overload 2 of 2, '(props: ImageBackgroundProps, context: any): ImageBackground', gave the following error.
    Type 'ViewStyle | TextStyle | ImageStyle' is not assignable to type 'StyleProp<ImageStyle>'.
      Type 'ViewStyle' is not assignable to type 'StyleProp<ImageStyle>'.
        Type 'ViewStyle' is not assignable to type 'ImageStyle'.
          Types of property 'overflow' are incompatible.
            Type '"visible" | "hidden" | "scroll"' is not assignable to type '"visible" | "hidden"'.
              Type '"scroll"' is not assignable to type '"visible" | "hidden"'.
app/_layout.tsx(67,9): error TS2322: Type '"100vw" | "100%"' is not assignable to type 'DimensionValue'.
  Type '"100vw"' is not assignable to type 'DimensionValue'.
app/growth/event/[id].tsx(6,10): error TS2305: Module '"../../../data/admin-config"' has no exported member 'ADMIN_USERS'.
app/growth/events.tsx(1014,65): error TS2769: No overload matches this call.
  Overload 1 of 2, '(props: TouchableOpacityProps): TouchableOpacity', gave the following error.
    Type '{ children: Element; onPress: () => void; onMouseEnter: () => void; onMouseLeave: () => void; className: string; }' is not assignable to type 'IntrinsicAttributes & IntrinsicClassAttributes<TouchableOpacity> & Readonly<TouchableOpacityProps>'.
      Property 'onMouseEnter' does not exist on type 'IntrinsicAttributes & IntrinsicClassAttributes<TouchableOpacity> & Readonly<TouchableOpacityProps>'.
  Overload 2 of 2, '(props: TouchableOpacityProps, context: any): TouchableOpacity', gave the following error.
    Type '{ children: Element; onPress: () => void; onMouseEnter: () => void; onMouseLeave: () => void; className: string; }' is not assignable to type 'IntrinsicAttributes & IntrinsicClassAttributes<TouchableOpacity> & Readonly<TouchableOpacityProps>'.
      Property 'onMouseEnter' does not exist on type 'IntrinsicAttributes & IntrinsicClassAttributes<TouchableOpacity> & Readonly<TouchableOpacityProps>'.
